<html>
<body>
<pre>
<h1>µVision Build Log</h1>
<h2>Project:</h2>
C:\ARM7\practise arn 7\lcCCCd\access.uvproj
Project File Date:  03/27/2026

<h2>Output:</h2>
Build target 'Target 1'
compiling access.c...
access.c(110): warning:  #111-D: statement is unreachable
linking...
Program Size: Code=1884 RO-data=64 RW-data=0 ZI-data=1256  
FromELF: creating hex file...
"access.axf" - 0 Error(s), 1 Warning(s).
Build target 'Target 1'
compiling access.c...
access.c(110): warning:  #111-D: statement is unreachable
linking...
Program Size: Code=1884 RO-data=64 RW-data=0 ZI-data=1256  
FromELF: creating hex file...
"access.axf" - 0 Error(s), 1 Warning(s).
Build target 'Target 1'
compiling access.c...
access.c(111): warning:  #111-D: statement is unreachable
linking...
Program Size: Code=1928 RO-data=64 RW-data=0 ZI-data=1256  
FromELF: creating hex file...
"access.axf" - 0 Error(s), 1 Warning(s).
Build target 'Target 1'
compiling access.c...
access.c(88): warning:  #223-D: function "strcmp" declared implicitly
access.c(96): warning:  #1-D: last line of file ends without a newline
linking...
Program Size: Code=1520 RO-data=16 RW-data=0 ZI-data=1256  
FromELF: creating hex file...
"access.axf" - 0 Error(s), 2 Warning(s).
Build target 'Target 1'
compiling access.c...
access.c(110): warning:  #111-D: statement is unreachable
linking...
Program Size: Code=1884 RO-data=64 RW-data=0 ZI-data=1256  
FromELF: creating hex file...
"access.axf" - 0 Error(s), 1 Warning(s).
Build target 'Target 1'
compiling access.c...
access.c(83): error:  #20: identifier "P0_20" is undefined
access.c(84): error:  #20: identifier "P0_21" is undefined
access.c(92): error:  #20: identifier "P0_20" is undefined
access.c(93): error:  #20: identifier "P0_21" is undefined
access.c(115): error:  #247: function "main" has already been defined
access.c(127): warning:  #223-D: function "keypad" declared implicitly
access.c(130): warning:  #223-D: function "delay" declared implicitly
access.c(139): warning:  #223-D: function "delay" declared implicitly
access.c(141): warning:  #111-D: statement is unreachable
Target not created
Build target 'Target 1'
compiling access.c...
access.c(57): warning:  #111-D: statement is unreachable
linking...
Program Size: Code=1952 RO-data=32 RW-data=12 ZI-data=1260  
FromELF: creating hex file...
"access.axf" - 0 Error(s), 1 Warning(s).
compiling access.c...
access.c - 0 Error(s), 0 Warning(s).
Build target 'Target 1'
linking...
Program Size: Code=1848 RO-data=32 RW-data=16 ZI-data=1256  
FromELF: creating hex file...
"access.axf" - 0 Error(s), 0 Warning(s).
Build target 'Target 1'
compiling access.c...
linking...
Program Size: Code=1472 RO-data=16 RW-data=0 ZI-data=1256  
FromELF: creating hex file...
"access.axf" - 0 Error(s), 0 Warning(s).
Rebuild target 'Target 1'
assembling Startup.s...
compiling access.c...
linking...
Program Size: Code=1472 RO-data=16 RW-data=0 ZI-data=1256  
FromELF: creating hex file...
"access.axf" - 0 Error(s), 0 Warning(s).
Build target 'Target 1'
compiling access.c...
linking...
Program Size: Code=1360 RO-data=32 RW-data=12 ZI-data=1260  
FromELF: creating hex file...
"access.axf" - 0 Error(s), 0 Warning(s).
Build target 'Target 1'
compiling access.c...
linking...
Program Size: Code=1352 RO-data=32 RW-data=12 ZI-data=1260  
FromELF: creating hex file...
"access.axf" - 0 Error(s), 0 Warning(s).
Build target 'Target 1'
compiling access.c...
access.c(67): warning:  #1-D: last line of file ends without a newline
linking...
Program Size: Code=1368 RO-data=32 RW-data=12 ZI-data=1260  
FromELF: creating hex file...
"access.axf" - 0 Error(s), 1 Warning(s).
