<html>
<body>
<pre>
<h1>µVision Build Log</h1>
<h2>Project:</h2>
C:\ARM7\practise arn 7\lcCCCd\switchwithlcd.uvproj
Project File Date:  03/25/2026

<h2>Output:</h2>
Build target 'Target 1'
linking...
switchwithlcd.axf: Warning: L6665W: Neither Lib$$Request$$armlib Lib$$Request$$cpplib defined, not searching ARM libraries.
switchwithlcd.axf: Error: L6411E: No compatible library exists with a definition of startup symbol __main.
Target not created
Build target 'Target 1'
compiling switchwithlcd.c...
switchwithlcd.c(8): error:  #20: identifier "SW" is undefined
switchwithlcd.c(15): error: At end of source:  #67: expected a "}"
Target not created
Build target 'Target 1'
compiling switchwithlcd.c...
switchwithlcd.c(8): error:  #20: identifier "SW" is undefined
Target not created
Build target 'Target 1'
compiling switchwithlcd.c...
linking...
Program Size: Code=2932 RO-data=16 RW-data=0 ZI-data=1256  
"switchwithlcd.axf" - 0 Error(s), 0 Warning(s).
Build target 'Target 1'
linking...
Program Size: Code=3204 RO-data=16 RW-data=0 ZI-data=1256  
FromELF: creating hex file...
"switchwithlcd.axf" - 0 Error(s), 0 Warning(s).
Build target 'Target 1'
compiling switchwithlcd.c...
switchwithlcd.c(21): error: At end of source:  #67: expected a "}"
Target not created
Build target 'Target 1'
compiling switchwithlcd.c...
linking...
Program Size: Code=3216 RO-data=16 RW-data=0 ZI-data=1256  
FromELF: creating hex file...
"switchwithlcd.axf" - 0 Error(s), 0 Warning(s).
Build target 'Target 1'
compiling switchwithlcd.c...
linking...
Program Size: Code=3216 RO-data=16 RW-data=0 ZI-data=1256  
FromELF: creating hex file...
"switchwithlcd.axf" - 0 Error(s), 0 Warning(s).
Build target 'Target 1'
compiling switchwithlcd.c...
linking...
Program Size: Code=3216 RO-data=16 RW-data=0 ZI-data=1256  
FromELF: creating hex file...
"switchwithlcd.axf" - 0 Error(s), 0 Warning(s).
Build target 'Target 1'
compiling switchwithlcd.c...
linking...
Program Size: Code=3232 RO-data=16 RW-data=0 ZI-data=1256  
FromELF: creating hex file...
"switchwithlcd.axf" - 0 Error(s), 0 Warning(s).
Build target 'Target 1'
compiling switchwithlcd.c...
linking...
Program Size: Code=3232 RO-data=16 RW-data=0 ZI-data=1256  
FromELF: creating hex file...
"switchwithlcd.axf" - 0 Error(s), 0 Warning(s).
Build target 'Target 1'
linking...
Program Size: Code=3232 RO-data=16 RW-data=0 ZI-data=1256  
FromELF: creating hex file...
"switchwithlcd.axf" - 0 Error(s), 0 Warning(s).
Build target 'Target 1'
compiling switchwithlcd.c...
linking...
Program Size: Code=3216 RO-data=16 RW-data=0 ZI-data=1256  
FromELF: creating hex file...
"switchwithlcd.axf" - 0 Error(s), 0 Warning(s).
Build target 'Target 1'
compiling switchwithlcd.c...
linking...
Program Size: Code=3240 RO-data=16 RW-data=0 ZI-data=1256  
FromELF: creating hex file...
"switchwithlcd.axf" - 0 Error(s), 0 Warning(s).
Build target 'Target 1'
compiling switchwithlcd.c...
linking...
Program Size: Code=3244 RO-data=16 RW-data=0 ZI-data=1256  
FromELF: creating hex file...
"switchwithlcd.axf" - 0 Error(s), 0 Warning(s).
Build target 'Target 1'
compiling switchwithlcd.c...
linking...
Program Size: Code=3244 RO-data=16 RW-data=0 ZI-data=1256  
FromELF: creating hex file...
"switchwithlcd.axf" - 0 Error(s), 0 Warning(s).
Build target 'Target 1'
compiling switchwithlcd.c...
linking...
Program Size: Code=3244 RO-data=16 RW-data=0 ZI-data=1256  
FromELF: creating hex file...
"switchwithlcd.axf" - 0 Error(s), 0 Warning(s).
Build target 'Target 1'
compiling switchwithlcd.c...
linking...
Program Size: Code=3240 RO-data=16 RW-data=0 ZI-data=1256  
FromELF: creating hex file...
"switchwithlcd.axf" - 0 Error(s), 0 Warning(s).
Build target 'Target 1'
compiling switchwithlcd.c...
switchwithlcd.c(21): error:  #20: identifier "IOSET" is undefined
Target not created
Rebuild target 'Target 1'
assembling Startup.s...
compiling switchwithlcd.c...
linking...
Program Size: Code=3240 RO-data=16 RW-data=0 ZI-data=1256  
FromELF: creating hex file...
"switchwithlcd.axf" - 0 Error(s), 0 Warning(s).
Build target 'Target 1'
compiling switchwithlcd.c...
linking...
Program Size: Code=3240 RO-data=16 RW-data=0 ZI-data=1256  
FromELF: creating hex file...
"switchwithlcd.axf" - 0 Error(s), 0 Warning(s).
Build target 'Target 1'
compiling switchwithlcd.c...
linking...
Program Size: Code=3248 RO-data=16 RW-data=0 ZI-data=1256  
FromELF: creating hex file...
"switchwithlcd.axf" - 0 Error(s), 0 Warning(s).
Build target 'Target 1'
compiling switchwithlcd.c...
linking...
Program Size: Code=3240 RO-data=16 RW-data=0 ZI-data=1256  
FromELF: creating hex file...
"switchwithlcd.axf" - 0 Error(s), 0 Warning(s).
Build target 'Target 1'
compiling switchwithlcd.c...
linking...
Program Size: Code=3240 RO-data=16 RW-data=0 ZI-data=1256  
FromELF: creating hex file...
"switchwithlcd.axf" - 0 Error(s), 0 Warning(s).
